// Jest Snapshot v1, https://goo.gl/fbAQLP

exports[`Snapshot of Account Creation Screen 1`] = `ShallowWrapper {}`;
