// Jest Snapshot v1, https://goo.gl/fbAQLP

exports[`Snapshot of Finalize Tour Screen 1`] = `ShallowWrapper {}`;
