// Jest Snapshot v1, https://goo.gl/fbAQLP

exports[`Snapshot of Home Screen 1`] = `ShallowWrapper {}`;
