// Jest Snapshot v1, https://goo.gl/fbAQLP

exports[`Snapshot of Map Screen 1`] = `ShallowWrapper {}`;
