// Jest Snapshot v1, https://goo.gl/fbAQLP

exports[`Snapshot of MyTours Screen 1`] = `ShallowWrapper {}`;
