// Jest Snapshot v1, https://goo.gl/fbAQLP

exports[`Snapshot of SignedIn Screen 1`] = `ShallowWrapper {}`;
