// Jest Snapshot v1, https://goo.gl/fbAQLP

exports[`Snapshot of Tour Taking Screen 1`] = `ShallowWrapper {}`;
