// Jest Snapshot v1, https://goo.gl/fbAQLP

exports[`Snapshot of Tour Type Screen 1`] = `ShallowWrapper {}`;
