// Jest Snapshot v1, https://goo.gl/fbAQLP

exports[`Snapshot of Virtual Tour Splash Screen 1`] = `ShallowWrapper {}`;
