// Jest Snapshot v1, https://goo.gl/fbAQLP

exports[`Snapshot of Virtual Tour Screen 1`] = `ShallowWrapper {}`;
